[backblue.gif]
[fade.gif]
[index.html]
[localhost/radars/feed/index.html]
[localhost/radars/comments/feed/index.html]
[localhost/radars/wp-includes/js/jquery/jquery.minaf6c.js]
[localhost/radars/wp-includes/js/jquery/jquery-migrate.mind617.js]
[localhost/radars/wp-content/plugins/newsprk-essential/assets/js/back_to_topc8d8.js]
[localhost/radars/wp-json/wp/v2/pages/3206.json]
[localhost/radars/wp-json/index.html]
[localhost/radars/xmlrpc0db0.php]
[localhost/radars/wp-includes/wlwmanifest.xml]
[localhost/radars/wp-json/oembed/1.0/embed61de.json]
[localhost/radars/wp-json/oembed/1.0/embedc86f]
[localhost/radars/wp-content/uploads/2020/06/cropped-author21-150x150.png]
[localhost/radars/wp-content/uploads/2020/06/cropped-author21-300x300.png]
[localhost/radars/wp-content/uploads/2020/06/cropped-author21-180x180.png]
[localhost/radars/wp-content/uploads/2022/01/reachworldwide_logo-e1642827962798.png]
[localhost/radars/wp-content/uploads/elementor/thumbs/40-pjcbhagu5p0lmkp7b0hbffff0pejxenmsn837jae3g.png]
[localhost/radars/wp-content/uploads/elementor/thumbs/41-pjcbhagu5p0lmkp7b0hbffff0pejxenmsn837jae3g.png]
[localhost/radars/wp-content/uploads/elementor/thumbs/43-pjcbhagu5p0lmkp7b0hbffff0pejxenmsn837jae3g.png]
[localhost/radars/wp-content/uploads/2020/06/1-1200x780.png]
[localhost/radars/wp-content/uploads/2020/06/44-150x150.png]
[localhost/radars/wp-content/uploads/2020/06/63-150x150.png]
[localhost/radars/wp-content/uploads/2020/06/60-150x150.png]
[localhost/radars/wp-content/uploads/2020/06/62-150x150.png]
[localhost/radars/wp-content/uploads/2020/06/1-150x150.png]
[localhost/radars/wp-content/uploads/2020/07/3-150x150.png]
[localhost/radars/wp-content/uploads/2020/07/shopping__1-150x150.jpg]
[localhost/radars/wp-content/uploads/2020/07/39-150x150.png]
[localhost/radars/wp-content/uploads/2020/07/36-150x150.png]
[localhost/radars/wp-content/uploads/2020/07/food__20-150x150.jpg]
[localhost/radars/wp-content/uploads/elementor/thumbs/52-pjcbhagsvn92t2gmeibel3j7o81de4rsfdyafkbwzw.png]
[localhost/radars/wp-content/uploads/elementor/thumbs/55-pjcbhagsvn92t2gmeibel3j7o81de4rsfdyafkbwzw.png]
[localhost/radars/wp-content/uploads/elementor/thumbs/57-pjcbhagsvn92t2gmeibel3j7o81de4rsfdyafkbwzw.png]
[localhost/radars/wp-content/uploads/elementor/thumbs/60-pjcbhagsvn92t2gmeibel3j7o81de4rsfdyafkbwzw.png]
[localhost/radars/wp-content/uploads/elementor/thumbs/61-pjcbhagwpsfrbak8no8pyoijvrjdha3mkikwi1cx8k.png]
[localhost/radars/wp-content/uploads/2020/06/67-1200x780.png]
[localhost/radars/wp-content/uploads/2020/06/14-1200x780.png]
[localhost/radars/wp-content/uploads/2020/06/27-1200x780.png]
[localhost/radars/wp-content/uploads/2020/06/tech111-scaled-1200x780.jpg]
[localhost/radars/wp-content/uploads/2020/06/04@2x.png]
[wp.quomodosoft.com/newsprk/home-v3/wp-content/uploads/sites/6/2020/06/category5.jpg]
[localhost/radars/wp-content/themes/newsprk/assets/img/icon/union.png]
[wp.quomodosoft.com/newsprk/home-v3/wp-content/uploads/sites/6/2020/06/category2.jpg]
[wp.quomodosoft.com/newsprk/home-v3/wp-content/uploads/sites/6/2020/06/category6.jpg]
[wp.quomodosoft.com/newsprk/home-v3/wp-content/uploads/sites/6/2020/06/category3.jpg]
[wp.quomodosoft.com/newsprk/home-v3/wp-content/uploads/sites/6/2020/06/category41.jpg]
[localhost/radars/wp-content/uploads/2020/07/69.png]
[localhost/radars/wp-content/uploads/2020/07/8-1200x780.png]
[localhost/radars/wp-content/uploads/2020/06/49-1200x780.png]
[localhost/radars/wp-content/uploads/2020/06/7-1200x780.png]
[localhost/radars/wp-content/uploads/2021/03/Group-1281@2x.jpg]
[localhost/radars/wp-content/plugins/element-ready-lite/assets/js/owl.carousel.min95b8.js]
[localhost/radars/wp-content/plugins/element-ready-lite/assets/js/modal-video.min95b8.js]
[localhost/radars/wp-content/plugins/element-ready-lite/assets/js/slick.min95b8.js]
[localhost/radars/wp-content/themes/newsprk/assets/js/plugins/stellarnav.min49eb.js]
[localhost/radars/wp-content/plugins/element-ready-lite/assets/js/nice-select.min95b8.js]
[localhost/radars/wp-content/themes/newsprk/assets/js/main.min49eb.js]
[localhost/radars/wp-content/plugins/newsprk-essential/assets/js/elementorc8d8.js]
[localhost/radars/wp-includes/js/dist/vendor/regenerator-runtime.minb36a.js]
[localhost/radars/wp-includes/js/dist/vendor/wp-polyfill.min2c7c.js]
[localhost/radars/wp-content/plugins/contact-form-7/includes/js/index7e15.js]
[localhost/radars/wp-content/themes/newsprk/assets/js/plugins/bootstrap.min49eb.js]
[localhost/radars/wp-content/themes/newsprk/assets/js/plugins/jquery.nav49eb.js]
[localhost/radars/wp-content/themes/newsprk/assets/js/plugins/jquery.waypoints.min49eb.js]
[localhost/radars/wp-content/themes/newsprk/assets/js/plugins/popper.min49eb.js]
[localhost/radars/wp-content/plugins/element-ready-lite/assets/js/circle-progress.min95b8.js]
[localhost/radars/wp-content/themes/newsprk/assets/js/plugins/wow.min49eb.js]
[localhost/radars/wp-content/plugins/element-ready-lite/assets/js/goodshare.min95b8.js]
[localhost/radars/wp-content/themes/newsprk/assets/js/skip-link-focus-fix49eb.js]
[localhost/radars/wp-includes/js/wp-embed.minc8d8.js]
[localhost/radars/wp-content/plugins/element-ready-lite/assets/js/active.min95b8.js]
[localhost/radars/wp-content/plugins/mailchimp-for-wp/assets/js/forms81db.js]
[localhost/radars/wp-content/plugins/elementor/assets/js/webpack.runtime.min1aae.js]
[localhost/radars/wp-content/plugins/elementor/assets/js/frontend-modules.min1aae.js]
[localhost/radars/wp-content/plugins/elementor/assets/lib/waypoints/waypoints.min05da.js]
[localhost/radars/wp-includes/js/jquery/ui/core.min35d0.js]
[localhost/radars/wp-content/plugins/elementor/assets/lib/swiper/swiper.min48f5.js]
[localhost/radars/wp-content/plugins/elementor/assets/lib/share-link/share-link.min1aae.js]
[localhost/radars/wp-content/plugins/elementor/assets/lib/dialog/dialog.mind227.js]
[localhost/radars/wp-content/plugins/elementor/assets/js/frontend.min1aae.js]
[localhost/radars/wp-content/plugins/elementor/assets/js/preloaded-modules.min1aae.js]
[localhost/radars/wp-content/plugins/element-ready-lite/assets/js/appear95b8.js]
[localhost/radars/wp-includes/js/underscore.min0028.js]
[localhost/radars/wp-includes/js/wp-util.minc8d8.js]
[localhost/radars/wp-content/plugins/element-ready-lite/assets/js/globalwidget.min95b8.js]
[localhost/radars/index.html]
[localhost/radars/wp-includes/css/dist/block-library/style.minc8d8.css]
[localhost/radars/wp-content/plugins/contact-form-7/includes/css/styles7e15.css]
[localhost/radars/wp-content/plugins/element-ready-lite/assets/img/service_stripe_bg.png]
[localhost/radars/wp-content/plugins/element-ready-lite/assets/img/price_layer.png]
[localhost/radars/wp-content/plugins/element-ready-lite/assets/img/qv-loader.gif]
[localhost/radars/wp-content/plugins/element-ready-lite/assets/css/widgets.minc8d8.css]
[localhost/radars/wp-content/themes/newsprk/assets/css/plugins/bootstrap.min49eb.css]
[localhost/radars/wp-content/themes/newsprk/assets/css/plugins/animate.min49eb.css]
[localhost/radars/wp-content/themes/newsprk/assets/fonts/fa-brands-400.eot]
[localhost/radars/wp-content/themes/newsprk/assets/fonts/fa-brands-400.woff2]
[localhost/radars/wp-content/themes/newsprk/assets/fonts/fa-brands-400d41d.eot]
[localhost/radars/wp-content/themes/newsprk/assets/fonts/fa-brands-400.woff]
[localhost/radars/wp-content/themes/newsprk/assets/fonts/fa-brands-400.ttf]
[localhost/radars/wp-content/themes/newsprk/assets/fonts/fa-light-300.eot]
[localhost/radars/wp-content/themes/newsprk/assets/fonts/fa-light-300.woff2]
[localhost/radars/wp-content/themes/newsprk/assets/fonts/fa-light-300d41d.eot]
[localhost/radars/wp-content/themes/newsprk/assets/fonts/fa-light-300.woff]
[localhost/radars/wp-content/themes/newsprk/assets/fonts/fa-light-300.ttf]
[localhost/radars/wp-content/themes/newsprk/assets/fonts/fa-regular-400.eot]
[localhost/radars/wp-content/themes/newsprk/assets/fonts/fa-regular-400.woff2]
[localhost/radars/wp-content/themes/newsprk/assets/fonts/fa-regular-400.woff]
[localhost/radars/wp-content/themes/newsprk/assets/fonts/fa-regular-400d41d.eot]
[localhost/radars/wp-content/themes/newsprk/assets/fonts/fa-regular-400.ttf]
[localhost/radars/wp-content/themes/newsprk/assets/fonts/fa-solid-900.eot]
[localhost/radars/wp-content/themes/newsprk/assets/fonts/fa-solid-900.woff2]
[localhost/radars/wp-content/themes/newsprk/assets/fonts/fa-solid-900d41d.eot]
[localhost/radars/wp-content/themes/newsprk/assets/fonts/fa-solid-900.woff]
[localhost/radars/wp-content/themes/newsprk/assets/fonts/fa-solid-900.ttf]
[localhost/radars/wp-content/themes/newsprk/assets/css/plugins/fontawesome49eb.css]
[localhost/radars/wp-content/plugins/element-ready-lite/assets/css/owl.carouselc8d8.css]
[localhost/radars/wp-content/plugins/element-ready-lite/assets/css/modal-video.minc8d8.css]
[localhost/radars/wp-content/plugins/element-ready-lite/assets/css/nice-selectc8d8.css]
[localhost/radars/wp-content/themes/newsprk/assets/css/plugins/stellarnav49eb.css]
[localhost/radars/wp-content/plugins/element-ready-lite/assets/img/ajax-loader.gif]
[localhost/radars/wp-content/plugins/element-ready-lite/assets/fonts/slick.woff]
[localhost/radars/wp-content/plugins/element-ready-lite/assets/fonts/slick.ttf]
[localhost/radars/wp-content/plugins/element-ready-lite/assets/css/slick.minc8d8.css]
[localhost/radars/wp-content/themes/newsprk/assets/img/arrow.png]
[localhost/radars/wp-content/themes/newsprk/assets/img/icon/right__long__arrow.png]
[localhost/radars/wp-content/themes/newsprk/assets/css/blog.min49eb.css]
[localhost/radars/wp-content/themes/newsprk/assets/img/icon/s.png]
[localhost/radars/wp-content/themes/newsprk/assets/img/bg/inner_bg.jpg]
[localhost/radars/wp-content/themes/newsprk/assets/img/icon/s_white.png]
[localhost/radars/wp-content/themes/newsprk/assets/img/bg/banner.jpg]
[localhost/radars/wp-content/themes/newsprk/assets/css/master.min49eb.css]
[localhost/radars/wp-content/themes/newsprk/assets/css/elementor-widget.min49eb.css]
[localhost/radars/wp-content/plugins/elementor/assets/lib/eicons/fonts/eiconsc387.eot]
[localhost/radars/wp-content/plugins/elementor/assets/lib/eicons/fonts/eiconsc387.woff2]
[localhost/radars/wp-content/plugins/elementor/assets/lib/eicons/fonts/eiconsc387.woff]
[localhost/radars/wp-content/plugins/elementor/assets/lib/eicons/fonts/eiconsc387.ttf]
[localhost/radars/wp-content/plugins/elementor/assets/lib/eicons/css/elementor-icons.min05c8.css]
[localhost/radars/wp-content/plugins/elementor/assets/css/frontend-legacy.min1aae.css]
[localhost/radars/wp-content/plugins/elementor/assets/css/frontend.min1aae.css]
[localhost/radars/wp-content/uploads/elementor/css/post-6068fbfb.css]
[wp.quomodosoft.com/newsprk/home-v3/wp-content/uploads/sites/6/2021/03/54.png]
[localhost/radars/wp-content/uploads/elementor/css/post-32063eaa.css]
[localhost/radars/wp-content/plugins/newsprk-essential/assets/css/back_to_topc8d8.css]
[localhost/radars/wp-content/plugins/elementor/assets/lib/font-awesome/css/fontawesome.min52d5.css]
[localhost/radars/wp-content/plugins/elementor/assets/lib/font-awesome/webfonts/fa-brands-400.eot]
[localhost/radars/wp-content/plugins/elementor/assets/lib/font-awesome/webfonts/fa-brands-400.woff2]
[localhost/radars/wp-content/plugins/elementor/assets/lib/font-awesome/webfonts/fa-brands-400d41d.eot]
[localhost/radars/wp-content/plugins/elementor/assets/lib/font-awesome/webfonts/fa-brands-400.woff]
[localhost/radars/wp-content/plugins/elementor/assets/lib/font-awesome/webfonts/fa-brands-400.ttf]
[localhost/radars/wp-content/plugins/elementor/assets/lib/font-awesome/css/brands.min52d5.css]
[localhost/radars/wp-content/plugins/elementor/assets/lib/font-awesome/webfonts/fa-solid-900.eot]
[localhost/radars/wp-content/plugins/elementor/assets/lib/font-awesome/webfonts/fa-solid-900.woff2]
[localhost/radars/wp-content/plugins/elementor/assets/lib/font-awesome/webfonts/fa-solid-900d41d.eot]
[localhost/radars/wp-content/plugins/elementor/assets/lib/font-awesome/webfonts/fa-solid-900.woff]
[localhost/radars/wp-content/plugins/elementor/assets/lib/font-awesome/webfonts/fa-solid-900.ttf]
[localhost/radars/wp-content/plugins/elementor/assets/lib/font-awesome/css/solid.min52d5.css]
[localhost/radars/wp-content/uploads/2020/07/3-300x200.png]
[localhost/radars/how-the-seychelles-is-racing-to-become-the-worlds-safest-destination-in-the-world/feed/index.html]
[localhost/radars/wp-json/wp/v2/posts/6215.json]
[localhost/radars/wp-json/oembed/1.0/embed80d6.json]
[localhost/radars/wp-json/oembed/1.0/embed5fd3]
[localhost/radars/wp-content/uploads/2020/07/3.png]
[localhost/radars/wp-content/uploads/2021/03/travel__8-1-710x438.jpg]
[wp.quomodosoft.com/newsprk/home-v3/wp-content/uploads/sites/6/2021/03/business__9-1.jpg]
[wp.quomodosoft.com/newsprk/home-v3/wp-content/uploads/sites/6/2021/03/author21.png]
[localhost/radars/wp-content/uploads/2021/03/01.png]
[localhost/radars/wp-content/uploads/2020/07/shopping__1-1200x780.jpg]
[localhost/radars/wp-content/uploads/2020/07/business__5-1200x780.jpg]
[localhost/radars/wp-content/uploads/2020/07/13-1200x780.png]
[localhost/radars/wp-includes/js/comment-reply.minc8d8.js]
[localhost/radars/how-the-seychelles-is-racing-to-become-the-worlds-safest-destination-in-the-world/index.html]
[localhost/radars/wp-content/uploads/2020/07/shopping__1-300x200.jpg]
[localhost/radars/wp-json/wp/v2/posts/6200.json]
[localhost/radars/when-can-we-go-on-vacation-again-this-is-what-experts-say-about-the-future/feed/index.html]
[localhost/radars/wp-json/oembed/1.0/embed1680.json]
[localhost/radars/wp-json/oembed/1.0/embede4ee]
[localhost/radars/wp-content/uploads/2020/07/shopping__1.jpg]
[localhost/radars/wp-content/uploads/2020/07/3-1200x780.png]
[localhost/radars/when-can-we-go-on-vacation-again-this-is-what-experts-say-about-the-future/index.html]
[localhost/radars/wp-content/uploads/2020/07/39-300x200.png]
[localhost/radars/us-fried-chicken-chain-popeyes-to-open-hundreds-of-uk-branches-are-closed-2/feed/index.html]
[localhost/radars/wp-json/wp/v2/posts/6197.json]
[localhost/radars/wp-json/oembed/1.0/embed778c.json]
[localhost/radars/wp-json/oembed/1.0/embeddb26]
[localhost/radars/wp-content/uploads/2020/07/39.png]
[localhost/radars/wp-content/uploads/2020/07/36-1200x780.png]
[localhost/radars/wp-content/uploads/2020/07/food__20-1200x780.jpg]
[localhost/radars/wp-content/uploads/2020/07/44-1200x780.png]
[localhost/radars/us-fried-chicken-chain-popeyes-to-open-hundreds-of-uk-branches-are-closed-2/index.html]
[localhost/radars/wp-content/uploads/2020/07/36-300x200.png]
[localhost/radars/wp-json/wp/v2/posts/6194.json]
[localhost/radars/wp-json/oembed/1.0/embeddb64.json]
[localhost/radars/full-list-of-restaurant-chains-plans-for-reopening-pizza-express-nandos-and-zizzi-3/feed/index.html]
[localhost/radars/wp-json/oembed/1.0/embed9f86]
[localhost/radars/wp-content/uploads/2020/07/36.png]
[localhost/radars/wp-content/uploads/2020/07/39-1200x780.png]
[localhost/radars/full-list-of-restaurant-chains-plans-for-reopening-pizza-express-nandos-and-zizzi-3/index.html]
[localhost/radars/wp-content/uploads/2020/07/food__20-300x200.jpg]
[localhost/radars/gemma-collins-reveals-slimmed-down-face-after-gruelling-workouts-and-new-diet-2/feed/index.html]
[localhost/radars/wp-json/wp/v2/posts/6192.json]
[localhost/radars/wp-json/oembed/1.0/embed5be5.json]
[localhost/radars/wp-json/oembed/1.0/embed9258]
[localhost/radars/wp-content/uploads/2020/07/food__20.jpg]
[localhost/radars/gemma-collins-reveals-slimmed-down-face-after-gruelling-workouts-and-new-diet-2/index.html]
[localhost/radars/wp-content/uploads/2020/07/44-300x200.png]
[localhost/radars/daily-chinese-horoscope-saturday-march-what-your-zodiac-sign-has-store-you-today-2/feed/index.html]
[localhost/radars/wp-json/wp/v2/posts/6190.json]
[localhost/radars/wp-json/oembed/1.0/embedff5a.json]
[localhost/radars/wp-json/oembed/1.0/embed596f]
[localhost/radars/wp-content/uploads/2020/07/44.png]
[localhost/radars/daily-chinese-horoscope-saturday-march-what-your-zodiac-sign-has-store-you-today-2/index.html]
[localhost/radars/wp-content/uploads/2020/07/32-300x200.png]
[localhost/radars/us-fried-chicken-chain-popeyes-to-open-hundreds-of-uk-branches-are-closed/feed/index.html]
[localhost/radars/wp-json/wp/v2/posts/6188.json]
[localhost/radars/wp-json/oembed/1.0/embed89bd.json]
[localhost/radars/wp-json/oembed/1.0/embed87ae]
[localhost/radars/wp-content/uploads/2020/07/32.png]
[localhost/radars/us-fried-chicken-chain-popeyes-to-open-hundreds-of-uk-branches-are-closed/index.html]
[localhost/radars/wp-content/uploads/2020/07/37-300x200.png]
[localhost/radars/full-list-of-restaurant-chains-plans-for-reopening-pizza-express-nandos-and-zizzi-2/feed/index.html]
[localhost/radars/wp-json/wp/v2/posts/6185.json]
[localhost/radars/wp-json/oembed/1.0/embedcefb.json]
[localhost/radars/wp-json/oembed/1.0/embed0151]
[localhost/radars/wp-content/uploads/2020/07/37.png]
[localhost/radars/full-list-of-restaurant-chains-plans-for-reopening-pizza-express-nandos-and-zizzi-2/index.html]
[localhost/radars/wp-content/uploads/2020/07/food__2-300x200.jpg]
[localhost/radars/catherine-giudici-reflects-on-representing-people-of-color-in-the-bachelor-copy-2-copy-copy-2-copy-copy-copy/feed/index.html]
[localhost/radars/wp-json/wp/v2/posts/6183.json]
[localhost/radars/wp-json/oembed/1.0/embedff70.json]
[localhost/radars/wp-json/oembed/1.0/embede953]
[localhost/radars/wp-content/uploads/2020/07/food__2.jpg]
[localhost/radars/catherine-giudici-reflects-on-representing-people-of-color-in-the-bachelor-copy-2-copy-copy-2-copy-copy-copy/index.html]
[localhost/radars/wp-content/uploads/2020/07/40-300x200.png]
[localhost/radars/gemma-collins-reveals-slimmed-down-face-after-gruelling-workouts-and-new-diet/feed/index.html]
[localhost/radars/wp-json/wp/v2/posts/6181.json]
[localhost/radars/wp-json/oembed/1.0/embed04a2.json]
[localhost/radars/wp-json/oembed/1.0/embed0e0a]
[localhost/radars/wp-content/uploads/2020/07/40.png]
[localhost/radars/gemma-collins-reveals-slimmed-down-face-after-gruelling-workouts-and-new-diet/index.html]
[localhost/radars/wp-content/uploads/2020/06/65-300x200.png]
[localhost/radars/supermarket-lockdown-rules-for-tesco-asda-sainsburys-aldi-morrisons-lidl-and-m/feed/index.html]
[localhost/radars/wp-json/wp/v2/posts/4802.json]
[localhost/radars/wp-json/oembed/1.0/embed3d17.json]
[localhost/radars/wp-json/oembed/1.0/embed649a]
[localhost/radars/wp-content/uploads/2020/06/65.png]
[localhost/radars/supermarket-lockdown-rules-for-tesco-asda-sainsburys-aldi-morrisons-lidl-and-m/index.html]
[localhost/radars/wp-content/uploads/2020/06/43-300x200.png]
[localhost/radars/jessica-simpson-includes-heartbreaking-entry-about-ex-nick-lachey-in-paperback-edition-of-open-book/feed/index.html]
[localhost/radars/wp-json/wp/v2/posts/5205.json]
[localhost/radars/wp-json/oembed/1.0/embed777a.json]
[localhost/radars/wp-json/oembed/1.0/embed21ad]
[localhost/radars/wp-content/uploads/2020/06/43.png]
[localhost/radars/jessica-simpson-includes-heartbreaking-entry-about-ex-nick-lachey-in-paperback-edition-of-open-book/index.html]
[localhost/radars/wp-content/uploads/2020/06/63-300x200.png]
[localhost/radars/improve-your-mood-by-saving-money-this-international-happiness-day-with-our-top-tips-2/feed/index.html]
[localhost/radars/wp-json/wp/v2/posts/4895.json]
[localhost/radars/wp-json/oembed/1.0/embed1bb5.json]
[localhost/radars/wp-json/oembed/1.0/embed55c8]
[localhost/radars/wp-content/uploads/2020/06/63.png]
[localhost/radars/improve-your-mood-by-saving-money-this-international-happiness-day-with-our-top-tips-2/index.html]
[localhost/radars/wp-content/uploads/2020/06/60-300x200.png]
[localhost/radars/jofra-archer-to-undergo-surgery-on-hand-ipl-participation-uncertain/feed/index.html]
[localhost/radars/wp-json/wp/v2/posts/4899.json]
[localhost/radars/wp-json/oembed/1.0/embed1493.json]
[localhost/radars/wp-json/oembed/1.0/embed06b0]
[localhost/radars/wp-content/uploads/2020/06/60.png]
[localhost/radars/jofra-archer-to-undergo-surgery-on-hand-ipl-participation-uncertain/index.html]
[localhost/radars/wp-content/uploads/2020/06/14-300x200.png]
[localhost/radars/teacher-suspended-for-showing-prophet-muhammad-cartoon-defends-free-speech/feed/index.html]
[localhost/radars/wp-json/wp/v2/posts/5173.json]
[localhost/radars/wp-json/oembed/1.0/embed4d2f.json]
[localhost/radars/wp-json/oembed/1.0/embed17d8]
[localhost/radars/wp-content/uploads/2020/06/14.png]
[localhost/radars/teacher-suspended-for-showing-prophet-muhammad-cartoon-defends-free-speech/index.html]
[localhost/radars/wp-content/uploads/2020/06/10-300x200.png]
[localhost/radars/supermarket-lockdown-rules-for-tesco-asda-sainsburys-aldi-morrisons-lidl-and-m-2/feed/index.html]
[localhost/radars/wp-json/wp/v2/posts/5222.json]
[localhost/radars/wp-json/oembed/1.0/embed1ff6.json]
[localhost/radars/wp-json/oembed/1.0/embed894c]
[localhost/radars/wp-content/uploads/2020/06/10.png]
[localhost/radars/supermarket-lockdown-rules-for-tesco-asda-sainsburys-aldi-morrisons-lidl-and-m-2/index.html]
[localhost/radars/wp-content/uploads/2020/06/49-300x200.png]
[localhost/radars/keep-your-vacuum-cleaner-on-track-with-expert-tips-to-prolong-its-long-life-journey/feed/index.html]
[localhost/radars/wp-json/wp/v2/posts/5255.json]
[localhost/radars/wp-json/oembed/1.0/embed2cee.json]
[localhost/radars/wp-json/oembed/1.0/embed7149]
[localhost/radars/wp-content/uploads/2020/07/70-1200x780.png]
[localhost/radars/wp-content/uploads/2020/07/tech8-scaled-1200x780.jpg]
[localhost/radars/wp-content/uploads/2020/07/opt_technology__82x-1200x780.jpg]
[localhost/radars/keep-your-vacuum-cleaner-on-track-with-expert-tips-to-prolong-its-long-life-journey/index.html]
[localhost/radars/wp-content/uploads/2020/06/technology__2-300x200.jpg]
[localhost/radars/wp-json/wp/v2/posts/5252.json]
[localhost/radars/wp-json/oembed/1.0/embed5a72.json]
[localhost/radars/wp-json/oembed/1.0/embed2e74]
[localhost/radars/as-young-people-leave-lockdown-british-health-leaders-face-a-new-challenge-2/index.html]
[localhost/radars/as-young-people-leave-lockdown-british-health-leaders-face-a-new-challenge-2/feed/index.html]
[localhost/radars/wp-content/uploads/2020/06/48-300x200.122.delayed]
[localhost/radars/as-young-people-leave-lockdown-british-health-leaders-face-a-new-challenge/feed/index.html]
[localhost/radars/wp-json/wp/v2/posts/5196.json]
[localhost/radars/wp-json/oembed/1.0/embed7580.json]
[localhost/radars/wp-json/oembed/1.0/embed6019]
[localhost/radars/as-young-people-leave-lockdown-british-health-leaders-face-a-new-challenge/index.html]
[localhost/radars/wp-content/uploads/2020/06/entertainment__10-300x200.jpg]
[localhost/radars/mansion-global-daily-green-homes-are-growing-home-sales-up-in-british-columbia-and-more/feed/index.html]
[localhost/radars/wp-json/wp/v2/posts/5202.json]
[localhost/radars/wp-json/oembed/1.0/embeda5ef.json]
[localhost/radars/wp-json/oembed/1.0/embed71fd]
[localhost/radars/wp-content/uploads/2020/06/entertainment__10.jpg]
[localhost/radars/mansion-global-daily-green-homes-are-growing-home-sales-up-in-british-columbia-and-more/index.html]
[localhost/radars/wp-content/uploads/2020/06/business__1-300x200.jpg]
[localhost/radars/boris-johnson-tells-brits-lockdown-easing-will-go-ahead-on-schedule-and-vows/feed/index.html]
[localhost/radars/wp-json/wp/v2/posts/5190.json]
[localhost/radars/wp-json/oembed/1.0/embeda101.json]
[localhost/radars/wp-json/oembed/1.0/embedbe32]
[localhost/radars/boris-johnson-tells-brits-lockdown-easing-will-go-ahead-on-schedule-and-vows/index.html]
[localhost/radars/wp-content/uploads/2020/06/business__1.jpg]
[localhost/radars/wp-json/wp/v2/categories/53.json]
[localhost/radars/category/business/feed/index.html]
[localhost/radars/wp-content/uploads/2020/07/46-1200x780.png]
[localhost/radars/wp-content/uploads/2020/06/45-1200x780.png]
[localhost/radars/wp-content/uploads/2020/06/48-1200x780.png]
[localhost/radars/wp-content/uploads/2020/06/business__1-1200x780.jpg]
[localhost/radars/wp-content/uploads/2020/06/6-1200x780.png]
[localhost/radars/wp-content/uploads/2020/06/65-1200x780.png]
[localhost/radars/category/business/index.html]
[localhost/radars/wp-json/wp/v2/categories/52.json]
[localhost/radars/category/finance/feed/index.html]
[localhost/radars/wp-content/uploads/2020/07/69-1200x780.png]
[localhost/radars/wp-content/uploads/2020/07/49-1200x780.png]
[localhost/radars/wp-content/uploads/2020/07/15-1200x780.png]
[localhost/radars/wp-content/uploads/2020/06/12-1200x780.png]
[localhost/radars/wp-content/uploads/2020/06/10-1200x780.png]
[localhost/radars/wp-content/uploads/2020/06/50-1200x780.png]
[localhost/radars/category/finance/index.html]
[localhost/radars/category/entertainment/feed/index.html]
[localhost/radars/wp-json/wp/v2/categories/50.json]
[localhost/radars/wp-content/uploads/2020/06/38-1200x780.png]
[localhost/radars/wp-content/uploads/2020/06/43-1200x780.png]
[localhost/radars/wp-content/uploads/2020/06/entertainment__10-1200x780.jpg]
[localhost/radars/wp-content/uploads/2020/06/tech12-scaled-1200x780.jpg]
[localhost/radars/wp-content/uploads/2020/06/62-1200x780.png]
[localhost/radars/wp-content/uploads/2020/06/44-1200x780.png]
[localhost/radars/category/entertainment/index.html]
[localhost/radars/wp-json/wp/v2/categories/51.json]
[localhost/radars/category/sports/feed/index.html]
[localhost/radars/wp-content/uploads/2020/06/52-1200x780.png]
[localhost/radars/wp-content/uploads/2020/06/55-1200x780.png]
[localhost/radars/wp-content/uploads/2020/06/61-1200x780.png]
[localhost/radars/wp-content/uploads/2020/06/57-1200x780.png]
[localhost/radars/wp-content/uploads/2020/06/60-1200x780.png]
[localhost/radars/category/sports/index.html]
[localhost/radars/wp-json/wp/v2/categories/54.json]
[localhost/radars/category/travel/feed/index.html]
[localhost/radars/wp-content/uploads/2020/06/2-1200x780.png]
[localhost/radars/wp-content/uploads/2020/06/travel__5-1200x780.jpg]
[localhost/radars/category/travel/index.html]
[localhost/radars/wp-json/wp/v2/categories/49.json]
[localhost/radars/category/technology/feed/index.html]
[localhost/radars/wp-content/uploads/2020/07/tech11-scaled-1200x780.jpg]
[localhost/radars/wp-content/uploads/2020/06/technology__2-1200x780.jpg]
[localhost/radars/wp-content/uploads/2020/06/tech13-scaled-1200x780.jpg]
[localhost/radars/wp-content/uploads/2020/06/technology__1-1200x780.jpg]
[localhost/radars/wp-content/uploads/2020/06/63-1200x780.png]
[localhost/radars/category/technology/index.html]
[localhost/radars/wp-json/wp/v2/pages/4133.json]
[localhost/radars/wp-json/oembed/1.0/embed436f.json]
[localhost/radars/wp-json/oembed/1.0/embed0806]
[wp.quomodosoft.com/newsprk/home-v3/wp-content/uploads/sites/6/2020/06/04@2x-1.png]
[localhost/radars/wp-content/themes/newsprk/assets/img/icon/temp.png]
[wp.quomodosoft.com/newsprk/home-v3/wp-content/uploads/sites/6/2020/06/scroll1.png]
[localhost/radars/wp-content/uploads/2020/06/04@2x-1-768x95.png]
[localhost/radars/contact/index.html]
[localhost/radars/wp-includes/js/zxcvbn-async.min5152.js]
[localhost/radars/wp-includes/js/dist/hooks.mine16b.js]
[localhost/radars/wp-includes/js/dist/i18n.min71a7.js]
[localhost/radars/wp-admin/js/password-strength-meter.minc8d8.js]
[localhost/radars/wp-admin/js/user-profile.minc8d8.js]
[localhost/radars/wp-login9db1.html]
[localhost/radars/wp-content/uploads/2020/07/41-300x200.png]
[localhost/radars/daily-chinese-horoscope-saturday-march-what-your-zodiac-sign-has-store-you-today/feed/index.html]
[localhost/radars/wp-json/wp/v2/posts/6179.json]
[localhost/radars/wp-json/oembed/1.0/embeda82e.json]
[localhost/radars/wp-json/oembed/1.0/embedf3b8]
[localhost/radars/wp-content/uploads/2020/07/41.png]
[localhost/radars/daily-chinese-horoscope-saturday-march-what-your-zodiac-sign-has-store-you-today/index.html]
[localhost/radars/wp-content/uploads/2020/07/43-300x200.png]
[localhost/radars/half-a-million-tons-of-recycling-dumped-or-incinerated-every-year-shock-stats-show/feed/index.html]
[localhost/radars/wp-json/wp/v2/posts/6156.json]
[localhost/radars/wp-json/oembed/1.0/embed792a.json]
[localhost/radars/wp-json/oembed/1.0/embed0a00]
[localhost/radars/wp-content/uploads/2020/07/43.png]
[localhost/radars/half-a-million-tons-of-recycling-dumped-or-incinerated-every-year-shock-stats-show/index.html]
[localhost/radars/wp-content/uploads/2020/06/1-300x200.png]
[localhost/radars/wp-json/wp/v2/posts/4911.json]
[localhost/radars/wp-json/oembed/1.0/embededea.json]
[localhost/radars/wp-json/oembed/1.0/embed9f61]
[localhost/radars/wp-content/uploads/2020/06/1.png]
[localhost/radars/the-destinations-around-the-world-open-to-travelers-vaccinated-against-covid-19/index.html]
[localhost/radars/indexaeab.html]
[localhost/radars/indexa953.html]
[localhost/radars/indexbd76.html]
[localhost/radars/index9a1e.html]
[localhost/radars/indexa837.html]
[localhost/radars/index53e2.html]
[localhost/radars/index10bd.html]
[localhost/radars/index3394.html]
[localhost/radars/wp-json/wp/v2/categories/98.json]
[localhost/radars/category/health/feed/index.html]
[localhost/radars/wp-content/uploads/2020/07/32-1200x780.png]
[localhost/radars/wp-content/uploads/2020/07/37-1200x780.png]
[localhost/radars/category/health/index.html]
[localhost/radars/index464b.html]
[localhost/radars/indexe5ca.html]
[localhost/radars/wp-content/uploads/2020/06/52-300x200.png]
[localhost/radars/why-its-easier-to-succeed-with-cricket-match-than-you-might-think/feed/index.html]
[localhost/radars/wp-json/wp/v2/posts/5229.json]
[localhost/radars/wp-json/oembed/1.0/embedff87.json]
[localhost/radars/wp-json/oembed/1.0/embed08c6]
[localhost/radars/why-its-easier-to-succeed-with-cricket-match-than-you-might-think/index.html]
[localhost/radars/wp-content/uploads/2020/06/55-300x200.png]
[localhost/radars/seven-struggles-only-people-love-football-industry-will-understand/feed/index.html]
[localhost/radars/wp-json/wp/v2/posts/4958.json]
[localhost/radars/wp-json/oembed/1.0/embed21bb.json]
[localhost/radars/wp-json/oembed/1.0/embed51c6]
[localhost/radars/seven-struggles-only-people-love-football-industry-will-understand/index.html]
[localhost/radars/wp-content/uploads/2020/06/57-300x200.png]
[localhost/radars/former-england-captain-karen-smithies-sues-for-alleged-discrimination/feed/index.html]
[localhost/radars/wp-json/wp/v2/posts/4919.json]
[localhost/radars/wp-json/oembed/1.0/embed30aa.json]
[localhost/radars/wp-json/oembed/1.0/embedcab5]
[localhost/radars/former-england-captain-karen-smithies-sues-for-alleged-discrimination/index.html]
[localhost/radars/wp-content/uploads/2020/06/61-300x200.png]
[localhost/radars/with-series-on-the-line-deciding-england-set-up-to-be-fitting-tour-finale/feed/index.html]
[localhost/radars/wp-json/wp/v2/posts/4941.json]
[localhost/radars/wp-json/oembed/1.0/embed3a27.json]
[localhost/radars/wp-json/oembed/1.0/embed5c3f]
[localhost/radars/with-series-on-the-line-deciding-england-set-up-to-be-fitting-tour-finale/index.html]
[localhost/radars/wp-content/uploads/2020/06/67-300x200.png]
[localhost/radars/winston-churchill-and-the-union-jack-should-make-us-feel-warm-and-gooey-inside/feed/index.html]
[localhost/radars/wp-json/wp/v2/posts/4976.json]
[localhost/radars/wp-json/oembed/1.0/embed6411.json]
[localhost/radars/wp-json/oembed/1.0/embed54d1]
[localhost/radars/wp-content/uploads/2020/06/67.png]
[localhost/radars/winston-churchill-and-the-union-jack-should-make-us-feel-warm-and-gooey-inside/index.html]
[localhost/radars/wp-content/uploads/2020/06/27-300x200.png]
[localhost/radars/miley-cyrus-seen-here-with-co-star-emily-osmand-in-an-episode-of-hannah-montana-in-june/feed/index.html]
[localhost/radars/wp-json/wp/v2/posts/5193.json]
[localhost/radars/wp-json/oembed/1.0/embed9865.json]
[localhost/radars/wp-json/oembed/1.0/embedf470]
[localhost/radars/wp-content/uploads/2020/06/27.png]
[localhost/radars/miley-cyrus-seen-here-with-co-star-emily-osmand-in-an-episode-of-hannah-montana-in-june/index.html]
[localhost/radars/wp-content/uploads/2020/06/tech111-scaled-225x300.jpg]
[localhost/radars/supermarket-lockdown-rules-for-tesco-asda-sainsburys-aldi-morrisons-lidl-and-m-3/feed/index.html]
[localhost/radars/wp-json/wp/v2/posts/5198.json]
[localhost/radars/wp-json/oembed/1.0/embed456d.json]
[localhost/radars/wp-json/oembed/1.0/embed1b05]
[localhost/radars/supermarket-lockdown-rules-for-tesco-asda-sainsburys-aldi-morrisons-lidl-and-m-3/index.html]
[localhost/radars/wp-content/uploads/2020/07/69-300x200.png]
[localhost/radars/asda-is-set-to-launch-its-first-ever-loyalty-card-scheme-giving-shoppers-money-off-groceries/feed/index.html]
[localhost/radars/wp-json/wp/v2/posts/6151.json]
[localhost/radars/wp-json/oembed/1.0/embedfd0e.json]
[localhost/radars/wp-json/oembed/1.0/embed733a]
[localhost/radars/asda-is-set-to-launch-its-first-ever-loyalty-card-scheme-giving-shoppers-money-off-groceries/index.html]
[localhost/radars/wp-content/uploads/2020/07/8-300x200.png]
[localhost/radars/inflation-slows-in-february-amid-falling-clothes-prices-and-rising-fuel-costs-rise-again/feed/index.html]
[localhost/radars/wp-json/wp/v2/posts/6149.json]
[localhost/radars/wp-json/oembed/1.0/embed0d6f.json]
[localhost/radars/wp-json/oembed/1.0/embed63ab]
[localhost/radars/wp-content/uploads/2020/07/8.png]
[localhost/radars/inflation-slows-in-february-amid-falling-clothes-prices-and-rising-fuel-costs-rise-again/index.html]
[localhost/radars/wp-content/uploads/2020/06/7-300x200.png]
[localhost/radars/boost-your-lockdown-privacy-without-breaking-the-bank-with-our-top-tips/feed/index.html]
[localhost/radars/wp-json/wp/v2/posts/5244.json]
[localhost/radars/wp-json/oembed/1.0/embed0163.json]
[localhost/radars/wp-json/oembed/1.0/embedd16a]
[localhost/radars/wp-content/uploads/2020/06/7.png]
[localhost/radars/boost-your-lockdown-privacy-without-breaking-the-bank-with-our-top-tips/index.html]
[localhost/radars/wp-json/wp/v2/pages/5390.json]
[localhost/radars/wp-json/oembed/1.0/embed41c9.json]
[localhost/radars/wp-json/oembed/1.0/embeda311]
[localhost/radars/privacy-policy/index.html]
[localhost/radars/wp-content/plugins/elementor/assets/lib/animations/animations.min1aae.css]
[localhost/radars/wp-content/plugins/element-ready-lite/assets/nature-sprite.html]
[localhost/radars/wp-content/plugins/element-ready-lite/assets/urban-sprite.html]
[localhost/radars/wp-content/plugins/element-ready-lite/assets/nature-sprite-2c523.html]
[localhost/radars/wp-content/themes/newsprk/assets/fonts/fa-brands-400.svg]
[localhost/radars/wp-content/themes/newsprk/assets/fonts/fa-light-300.svg]
[localhost/radars/wp-content/themes/newsprk/assets/fonts/fa-regular-400.svg]
[localhost/radars/wp-content/themes/newsprk/assets/fonts/fa-solid-900.svg]
[localhost/radars/wp-content/plugins/element-ready-lite/assets/img/owl.video.play.html]
[localhost/radars/wp-content/plugins/element-ready-lite/assets/fonts/slick.html]
[localhost/radars/wp-content/plugins/element-ready-lite/assets/fonts/slickd41d.html]
[localhost/radars/wp-content/plugins/element-ready-lite/assets/fonts/slick-2.html]
[localhost/radars/wp-content/plugins/elementor/assets/lib/eicons/fonts/eiconsc387.svg]
[localhost/radars/wp-content/plugins/elementor/assets/lib/font-awesome/webfonts/fa-brands-400.svg]
[localhost/radars/wp-content/plugins/elementor/assets/lib/font-awesome/webfonts/fa-solid-900.svg]
[localhost/radars/wp-content/uploads/elementor/css/post-6215ee0d.css]
[localhost/radars/indexd6c3.html]
[localhost/radars/xmlrpc.php]
[localhost/radars/wp-json/wp/v2/users/1.json]
[localhost/radars/wp-content/uploads/2020/07/food__2-1200x780.jpg]
[localhost/radars/author/radars/feed/index.html]
[localhost/radars/wp-content/uploads/2020/07/40-1200x780.png]
[localhost/radars/author/radars/index.html]
[localhost/radars/wp-json/wp/v2/tags/102.json]
[localhost/radars/tag/boutique/feed/index.html]
[localhost/radars/wp-content/themes/newsprk/assets/img/icon/calendar.png]
[localhost/radars/tag/boutique/index.html]
[localhost/radars/wp-json/wp/v2/tags/65.json]
[localhost/radars/tag/business/index.html]
[localhost/radars/tag/business/feed/index.html]
[localhost/radars/wp-json/wp/v2/tags/101.json]
[localhost/radars/tag/dress/index.html]
[localhost/radars/tag/dress/feed/index.html]
[localhost/radars/wp-json/wp/v2/tags/100.json]
[localhost/radars/tag/shopping/index.html]
[localhost/radars/tag/shopping/feed/index.html]
[localhost/radars/wp-json/wp/v2/tags/56.json]
[localhost/radars/tag/world/index.html]
[localhost/radars/tag/world/feed/index.html]
[localhost/radars/2020/07/09/index.html]
[localhost/radars/wp-content/uploads/2020/07/business__5-300x200.jpg]
[localhost/radars/wp-json/wp/v2/posts/6093.json]
[localhost/radars/wp-json/oembed/1.0/embed0659.json]
[localhost/radars/wp-json/oembed/1.0/embed1d87]
[localhost/radars/wp-content/uploads/2020/07/business__5.jpg]
[localhost/radars/the-purpose-is-share-strategies-and-insights-for-promoting-a-sustainable-future-through-marketing/index.html]
[localhost/radars/wp-content/uploads/2020/07/13-300x200.png]
[localhost/radars/wp-json/wp/v2/posts/6090.json]
[localhost/radars/wp-json/oembed/1.0/embedde96.json]
[localhost/radars/the-purpose-is-share-strategies-and-insights-for-promoting-a-sustainable-future-through-marketing/feed/index.html]
[localhost/radars/wp-json/oembed/1.0/embed46c3]
[localhost/radars/east-bengal-and-kerala-blasters-have-lost-most-number-of-points-from-winning-position/feed/index.html]
[localhost/radars/wp-content/uploads/2020/07/13.png]
[localhost/radars/east-bengal-and-kerala-blasters-have-lost-most-number-of-points-from-winning-position/index.html]
[localhost/radars/wp-content/uploads/elementor/css/post-62007860.css]
[localhost/radars/index0f8a.html]
[localhost/radars/wp-content/uploads/elementor/css/post-6197474f.css]
[localhost/radars/index248a.html]
[localhost/radars/wp-json/wp/v2/tags/94.json]
[localhost/radars/wp-content/uploads/2020/07/41-1200x780.png]
[localhost/radars/tag/asian/feed/index.html]
[localhost/radars/wp-content/uploads/2020/07/43-1200x780.png]
[localhost/radars/tag/asian/index.html]
[localhost/radars/wp-json/wp/v2/tags/81.json]
[localhost/radars/tag/food/index.html]
[localhost/radars/tag/food/feed/index.html]
[localhost/radars/wp-json/wp/v2/tags/55.json]
[localhost/radars/tag/health/index.html]
[localhost/radars/tag/health/feed/index.html]
[localhost/radars/wp-json/wp/v2/tags/97.json]
[localhost/radars/tag/juice/index.html]
[localhost/radars/tag/juice/feed/index.html]
[localhost/radars/wp-json/wp/v2/tags/96.json]
[localhost/radars/tag/rice/index.html]
[localhost/radars/tag/rice/feed/index.html]
[localhost/radars/wp-json/wp/v2/tags/93.json]
[localhost/radars/tag/test/index.html]
[localhost/radars/tag/test/feed/index.html]
[localhost/radars/tag/thai/feed/index.html]
[localhost/radars/wp-json/wp/v2/tags/95.json]
[localhost/radars/tag/thai/index.html]
[localhost/radars/wp-content/uploads/elementor/css/post-6194d3c5.css]
[localhost/radars/indexac60.html]
[localhost/radars/wp-content/uploads/elementor/css/post-6192d960.css]
[localhost/radars/index23a4.html]
[localhost/radars/wp-content/uploads/elementor/css/post-6190e366.css]
[localhost/radars/indexa2ef.html]
[localhost/radars/wp-content/uploads/elementor/css/post-61883e3b.css]
[localhost/radars/index6608.html]
[localhost/radars/wp-json/wp/v2/categories/92.json]
[localhost/radars/category/food/index.html]
[localhost/radars/category/food/feed/index.html]
[localhost/radars/wp-json/wp/v2/tags/99.json]
[localhost/radars/tag/tehri/index.html]
[localhost/radars/tag/tehri/feed/index.html]
[localhost/radars/wp-content/uploads/elementor/css/post-61856c54.css]
[localhost/radars/index3b7f.html]
[localhost/radars/wp-content/uploads/elementor/css/post-6183840c.css]
[localhost/radars/indexed9a.html]
[localhost/radars/wp-content/uploads/elementor/css/post-61819e4b.css]
[localhost/radars/indexd5e6.html]
[localhost/radars/wp-content/uploads/elementor/css/post-48023050.css]
[localhost/radars/index4a14.html]
[localhost/radars/wp-json/wp/v2/tags/57.json]
[localhost/radars/tag/corona/index.html]
[localhost/radars/wp-content/uploads/2020/06/44-300x200.png]
[localhost/radars/tag/corona/feed/index.html]
[localhost/radars/full-list-of-restaurant-chains-plans-for-reopening-pizza-express-nandos-and-zizzi/feed/index.html]
[localhost/radars/wp-json/wp/v2/posts/4843.json]
[localhost/radars/wp-json/oembed/1.0/embed1597.json]
[localhost/radars/wp-json/oembed/1.0/embed7a9d]
[localhost/radars/wp-content/uploads/2020/06/44.png]
[localhost/radars/full-list-of-restaurant-chains-plans-for-reopening-pizza-express-nandos-and-zizzi/index.html]
[localhost/radars/wp-content/uploads/elementor/css/post-52053ea1.css]
[localhost/radars/index59c4.html]
[localhost/radars/wp-content/uploads/2020/06/50-300x200.png]
[localhost/radars/teacher-suspended-for-showing-prophet-muhammad-cartoon-defends-free-speech-2/feed/index.html]
[localhost/radars/wp-json/wp/v2/posts/5209.json]
[localhost/radars/wp-json/oembed/1.0/embedb8a2.json]
[localhost/radars/wp-json/oembed/1.0/embed87ee]
[localhost/radars/wp-content/uploads/2020/06/50.png]
[localhost/radars/teacher-suspended-for-showing-prophet-muhammad-cartoon-defends-free-speech-2/index.html]
[localhost/radars/wp-content/uploads/elementor/css/post-4895b282.css]
[localhost/radars/indexdb12.html]
[localhost/radars/wp-content/uploads/elementor/css/post-4899fbd3.css]
[localhost/radars/indexc3eb.html]
[localhost/radars/wp-json/wp/v2/tags/71.json]
[localhost/radars/tag/5g/index.html]
[localhost/radars/tag/5g/feed/index.html]
[localhost/radars/wp-json/wp/v2/tags/66.json]
[localhost/radars/tag/sports/index.html]
[localhost/radars/tag/sports/feed/index.html]
[localhost/radars/wp-content/uploads/2020/06/62-300x200.png]
[localhost/radars/bobby-brown-autopsy-reveals-he-died-from-alcohol-cocaine-and-fentanyl-his-death/feed/index.html]
[localhost/radars/wp-json/wp/v2/posts/4905.json]
[localhost/radars/wp-json/oembed/1.0/embed23a8.json]
[localhost/radars/wp-json/oembed/1.0/embed8f31]
[localhost/radars/wp-content/uploads/2020/06/62.png]
[localhost/radars/bobby-brown-autopsy-reveals-he-died-from-alcohol-cocaine-and-fentanyl-his-death/index.html]
[localhost/radars/wp-content/uploads/elementor/css/post-5173d6ed.css]
[localhost/radars/index64fd.html]
[localhost/radars/wp-content/uploads/elementor/css/post-52226375.css]
[localhost/radars/index7f46.html]
[localhost/radars/wp-content/uploads/2020/06/45-300x200.png]
[localhost/radars/harris-gives-fiery-response-on-gun-reform-stop-with-the-false-choices-and-say-truth/feed/index.html]
[localhost/radars/wp-json/wp/v2/posts/5220.json]
[localhost/radars/wp-json/oembed/1.0/embedaf99.json]
[localhost/radars/wp-json/oembed/1.0/embed24f0]
[localhost/radars/wp-content/uploads/2020/06/45.png]
[localhost/radars/harris-gives-fiery-response-on-gun-reform-stop-with-the-false-choices-and-say-truth/index.html]
[localhost/radars/wp-content/uploads/2020/06/12-300x200.png]
[localhost/radars/improve-your-mood-by-saving-money-this-international-happiness-day-with-our-top-tips/feed/index.html]
[localhost/radars/wp-json/wp/v2/posts/5225.json]
[localhost/radars/wp-json/oembed/1.0/embeddffc.json]
[localhost/radars/wp-json/oembed/1.0/embed5670]
[localhost/radars/wp-content/uploads/2020/06/12.png]
[localhost/radars/improve-your-mood-by-saving-money-this-international-happiness-day-with-our-top-tips/index.html]
[localhost/radars/wp-content/uploads/elementor/css/post-52553b80.css]
[localhost/radars/indexe608.html]
[localhost/radars/wp-json/wp/v2/tags/74.json]
[localhost/radars/tag/amazon/index.html]
[localhost/radars/tag/amazon/feed/index.html]
[localhost/radars/wp-json/wp/v2/tags/69.json]
[localhost/radars/tag/mobile/index.html]
[localhost/radars/tag/mobile/feed/index.html]
[localhost/radars/wp-json/wp/v2/tags/72.json]
[localhost/radars/tag/speed/index.html]
[localhost/radars/tag/speed/feed/index.html]
[localhost/radars/wp-json/wp/v2/tags/70.json]
[localhost/radars/tag/tech/index.html]
[localhost/radars/tag/tech/feed/index.html]
[localhost/radars/wp-json/wp/v2/tags/73.json]
[localhost/radars/tag/tesla/index.html]
[localhost/radars/tag/tesla/feed/index.html]
[localhost/radars/wp-json/wp/v2/tags/75.json]
[localhost/radars/tag/upwork/index.html]
[localhost/radars/tag/upwork/feed/index.html]
[localhost/radars/wp-content/uploads/2020/07/46-300x200.png]
[localhost/radars/china-has-unleashed-the-nationalist-genie-beijing-may-regret-letting-it-out-of-the-bottle/feed/index.html]
[localhost/radars/wp-json/wp/v2/posts/6082.json]
[localhost/radars/wp-json/oembed/1.0/embed275e.json]
[localhost/radars/wp-json/oembed/1.0/embed940a]
[localhost/radars/china-has-unleashed-the-nationalist-genie-beijing-may-regret-letting-it-out-of-the-bottle/index.html]
[localhost/radars/wp-content/uploads/2020/07/70-300x200.png]
[localhost/radars/the-purpose-is-share-strategies-and-insights-for-promoting-a-sustainable-future-through-marketing-2/feed/index.html]
[localhost/radars/wp-json/wp/v2/posts/6120.json]
[localhost/radars/wp-json/oembed/1.0/embed3610.json]
[localhost/radars/wp-json/oembed/1.0/embed3bdd]
[localhost/radars/wp-content/uploads/2020/07/70.png]
[localhost/radars/the-purpose-is-share-strategies-and-insights-for-promoting-a-sustainable-future-through-marketing-2/index.html]
[localhost/radars/wp-content/uploads/2020/07/tech8-scaled-214x300.jpg]
[localhost/radars/wp-json/wp/v2/posts/6117.json]
[localhost/radars/wp-json/oembed/1.0/embed796b.json]
[localhost/radars/east-bengal-and-kerala-blasters-have-lost-most-number-of-points-from-winning-position-2/feed/index.html]
[localhost/radars/wp-json/oembed/1.0/embed7d6f]
[localhost/radars/east-bengal-and-kerala-blasters-have-lost-most-number-of-points-from-winning-position-2/index.html]
[localhost/radars/wp-content/uploads/2020/07/tech8-scaled.jpg]
[localhost/radars/wp-content/uploads/2020/07/opt_technology__82x-300x188.jpg]
[localhost/radars/china-has-unleashed-the-nationalist-genie-beijing-may-regret-letting-it-out-of-the-bottle-2/feed/index.html]
[localhost/radars/wp-json/wp/v2/posts/6106.json]
[localhost/radars/wp-json/oembed/1.0/embed639d.json]
[localhost/radars/wp-json/oembed/1.0/embed12ba]
[localhost/radars/wp-content/uploads/2020/07/opt_technology__82x.jpg]
[localhost/radars/china-has-unleashed-the-nationalist-genie-beijing-may-regret-letting-it-out-of-the-bottle-2/index.html]
[localhost/radars/wp-content/uploads/elementor/css/post-52522422.css]
[localhost/radars/index6a43.html]
[localhost/radars/wp-content/uploads/2020/06/tech13-scaled-240x300.jpg]
[localhost/radars/winston-churchill-and-the-union-jack-should-make-us-feel-warm-and-gooey-inside-2/feed/index.html]
[localhost/radars/wp-json/wp/v2/posts/5248.json]
[localhost/radars/wp-json/oembed/1.0/embed0378.json]
[localhost/radars/wp-json/oembed/1.0/embedff7e]
[localhost/radars/wp-content/uploads/2020/06/tech13-scaled.jpg]
[localhost/radars/winston-churchill-and-the-union-jack-should-make-us-feel-warm-and-gooey-inside-2/index.html]
[localhost/radars/wp-content/uploads/elementor/css/post-51962af1.css]
[localhost/radars/index4111.html]
[localhost/radars/wp-content/uploads/elementor/css/post-52029ca3.css]
[localhost/radars/index9459.html]
[localhost/radars/wp-content/uploads/elementor/css/post-51906931.css]
[localhost/radars/index1d33.html]
[localhost/radars/2020/06/14/index.html]
[localhost/radars/2020/06/08/index.html]
[localhost/radars/wp-content/uploads/2020/06/6-300x200.png]
[localhost/radars/smith-snaps-crisps-sold-at-morrisons-and-tesco-recalled-due-to-choking-hazard-fears/feed/index.html]
[localhost/radars/wp-json/wp/v2/posts/4969.json]
[localhost/radars/wp-json/oembed/1.0/embed9f74.json]
[localhost/radars/wp-json/oembed/1.0/embed95dc]
[localhost/radars/smith-snaps-crisps-sold-at-morrisons-and-tesco-recalled-due-to-choking-hazard-fears/index.html]
[localhost/radars/wp-content/uploads/2020/07/49-300x200.png]
[localhost/radars/how-unpaid-debts-are-sold-on-and-could-end-up-costing-you-hundreds-of-pounds-more/feed/index.html]
[localhost/radars/wp-json/wp/v2/posts/6147.json]
[localhost/radars/wp-json/oembed/1.0/embed9769.json]
[localhost/radars/wp-json/oembed/1.0/embed4bdc]
[localhost/radars/wp-content/uploads/2020/07/49.png]
[localhost/radars/how-unpaid-debts-are-sold-on-and-could-end-up-costing-you-hundreds-of-pounds-more/index.html]
[localhost/radars/wp-content/uploads/2020/07/15-300x200.png]
[localhost/radars/greene-king-now-taking-bookings-for-tables-in-pub-its-442-pub-gardens-how-to-book/feed/index.html]
[localhost/radars/wp-json/wp/v2/posts/6144.json]
[localhost/radars/wp-json/oembed/1.0/embedaefb.json]
[localhost/radars/wp-json/oembed/1.0/embedb55b]
[localhost/radars/wp-content/uploads/2020/07/15.png]
[localhost/radars/greene-king-now-taking-bookings-for-tables-in-pub-its-442-pub-gardens-how-to-book/index.html]
[localhost/radars/wp-content/uploads/2020/06/38-300x200.png]
[localhost/radars/britney-spears-attorney-files-petition-to-remove-her-father-from-overseeing-her-medical-decisions/feed/index.html]
[localhost/radars/wp-json/wp/v2/posts/5216.json]
[localhost/radars/wp-json/oembed/1.0/embed77b6.json]
[localhost/radars/wp-json/oembed/1.0/embed9c61]
[localhost/radars/wp-content/uploads/2020/06/38.png]
[localhost/radars/britney-spears-attorney-files-petition-to-remove-her-father-from-overseeing-her-medical-decisions/index.html]
[localhost/radars/wp-content/uploads/2020/06/tech12-scaled-216x300.jpg]
[localhost/radars/reese-witherspoon-takes-to-instagram-to-celebrate-her-latest-sweet-hubby-of-10-years/feed/index.html]
[localhost/radars/wp-json/wp/v2/posts/4962.json]
[localhost/radars/wp-json/oembed/1.0/embed654c.json]
[localhost/radars/wp-json/oembed/1.0/embedac49]
[localhost/radars/reese-witherspoon-takes-to-instagram-to-celebrate-her-latest-sweet-hubby-of-10-years/index.html]
[localhost/radars/wp-content/uploads/2020/06/2-300x200.png]
[localhost/radars/use-these-travel-credit-cards-to-plan-a-post-pandemic-trip-in-2021-with-family/feed/index.html]
[localhost/radars/wp-json/wp/v2/posts/5240.json]
[localhost/radars/wp-json/oembed/1.0/embed942e.json]
[localhost/radars/wp-json/oembed/1.0/embedf26e]
[localhost/radars/use-these-travel-credit-cards-to-plan-a-post-pandemic-trip-in-2021-with-family/index.html]
[localhost/radars/wp-content/uploads/2020/06/travel__5-300x200.jpg]
[localhost/radars/how-travelers-help-to-protect-the-outer-islands-of-the-seychelles-in-north/feed/index.html]
[localhost/radars/wp-json/wp/v2/posts/5236.json]
[localhost/radars/wp-json/oembed/1.0/embed49bf.json]
[localhost/radars/wp-json/oembed/1.0/embedf6f7]
[localhost/radars/wp-content/uploads/2020/06/travel__5.jpg]
[localhost/radars/how-travelers-help-to-protect-the-outer-islands-of-the-seychelles-in-north/index.html]
[localhost/radars/wp-content/uploads/2020/07/tech11-scaled-200x300.jpg]
[localhost/radars/harris-gives-fiery-response-on-gun-reform-stop-with-the-false-choices-and-say-truth-2/feed/index.html]
[localhost/radars/wp-json/wp/v2/posts/6096.json]
[localhost/radars/wp-json/oembed/1.0/embeddf3c.json]
[localhost/radars/wp-json/oembed/1.0/embed0313]
[localhost/radars/wp-content/uploads/2020/07/tech11-scaled.jpg]
[localhost/radars/harris-gives-fiery-response-on-gun-reform-stop-with-the-false-choices-and-say-truth-2/index.html]
[localhost/radars/wp-content/uploads/2020/06/technology__1-300x200.jpg]
[localhost/radars/smith-snaps-crisps-sold-at-morrisons-and-tesco-recalled-due-to-choking-hazard-fears-2/feed/index.html]
[localhost/radars/wp-json/wp/v2/posts/5213.json]
[localhost/radars/wp-json/oembed/1.0/embed70f9.json]
[localhost/radars/wp-json/oembed/1.0/embed5a19]
[localhost/radars/wp-content/uploads/2020/06/technology__1.jpg]
[localhost/radars/smith-snaps-crisps-sold-at-morrisons-and-tesco-recalled-due-to-choking-hazard-fears-2/index.html]
[localhost/radars/wp-content/uploads/elementor/css/post-4133f41d.css]
[localhost/radars/indexec01.html]
[localhost/radars/wp-content/themes/newsprk/assets/img/icon/humberger-dark.svg]
[localhost/radars/wp-content/themes/newsprk/assets/img/icon/cross.svg]
[localhost/radars/wp-includes/fonts/dashicons7d4b.eot]
[localhost/radars/wp-includes/fonts/dashicons7d4b.ttf]
[localhost/radars/wp-includes/css/dashicons.minc8d8.css]
[localhost/radars/wp-includes/css/buttons.minc8d8.css]
[localhost/radars/wp-admin/images/loading.gif]
[localhost/radars/wp-admin/css/forms.minc8d8.css]
[localhost/radars/wp-admin/css/l10n.minc8d8.css]
[localhost/radars/wp-admin/images/w-logo-blue7a53.png]
[localhost/radars/wp-admin/css/login.minc8d8.css]
[localhost/radars/wp-loginc2b6.html]
[localhost/radars/wp-content/uploads/elementor/css/post-6179a00a.css]
[localhost/radars/indexe837.html]
[localhost/radars/wp-content/uploads/elementor/css/post-61567d53.css]
[localhost/radars/index0658.html]
[localhost/radars/wp-content/uploads/elementor/css/post-4911d62e.css]
[localhost/radars/index53d0.html]
[localhost/radars/wp-json/wp/v2/tags/64.json]
[localhost/radars/tag/travel/index.html]
[localhost/radars/tag/travel/feed/index.html]
[localhost/radars/wp-content/uploads/elementor/css/post-52295836.css]
[localhost/radars/indexe615.html]
[localhost/radars/wp-content/uploads/elementor/css/post-4958ba18.css]
[localhost/radars/index2d4a.html]
[localhost/radars/wp-content/uploads/elementor/css/post-49195836.css]
[localhost/radars/indexd2cd.html]
[localhost/radars/wp-content/uploads/elementor/css/post-49414228.css]
[localhost/radars/indexfdd5.html]
[localhost/radars/wp-content/uploads/elementor/css/post-49761eea.css]
[localhost/radars/index146d.html]
[localhost/radars/wp-content/uploads/elementor/css/post-51939256.css]
[localhost/radars/indexbde7.html]
[localhost/radars/wp-content/uploads/elementor/css/post-51982c41.css]
[localhost/radars/indexcbb2.html]
[localhost/radars/wp-content/uploads/elementor/css/post-6151f855.css]
[localhost/radars/indexc3ea.html]
[localhost/radars/wp-json/wp/v2/tags/90.json]
[localhost/radars/tag/finance/index.html]
[localhost/radars/tag/finance/feed/index.html]
[localhost/radars/wp-json/wp/v2/tags/91.json]
[localhost/radars/tag/market/index.html]
[localhost/radars/tag/market/feed/index.html]
[localhost/radars/wp-json/wp/v2/tags/89.json]
[localhost/radars/tag/money/index.html]
[localhost/radars/tag/money/feed/index.html]
[localhost/radars/wp-json/wp/v2/tags/88.json]
[localhost/radars/tag/stock/index.html]
[localhost/radars/tag/stock/feed/index.html]
[localhost/radars/wp-content/uploads/elementor/css/post-61498aa5.css]
[localhost/radars/index848b.html]
[localhost/radars/wp-content/uploads/elementor/css/post-52444b2f.css]
[localhost/radars/index6744.html]
[localhost/radars/wp-content/uploads/elementor/css/post-53906dbb.css]
[localhost/radars/indexf949.html]
[localhost/radars/author/radars/page/2/index.html]
[localhost/radars/author/radars/page/3/index.html]
[localhost/radars/author/radars/page/6/index.html]
[localhost/radars/tag/business/page/2/index.html]
[localhost/radars/tag/world/page/2/index.html]
[localhost/radars/2022/01/index.html]
[localhost/radars/2022/03/index.html]
[localhost/radars/2022/04/index.html]
[localhost/radars/2022/05/index.html]
[localhost/radars/2022/06/index.html]
[localhost/radars/2022/07/index.html]
[localhost/radars/2022/08/index.html]
[localhost/radars/2022/09/index.html]
[localhost/radars/2019/index.html]
[localhost/radars/2020/index.html]
[localhost/radars/2021/index.html]
[localhost/radars/2022/index.html]
[localhost/radars/2020/07/09/page/2/index.html]
[localhost/radars/2020/07/09/page/3/index.html]
[localhost/radars/wp-content/uploads/elementor/css/post-6093cebd.css]
[localhost/radars/index3bb7.html]
[localhost/radars/wp-content/uploads/elementor/css/post-6090d368.css]
[localhost/radars/index4d4b.html]
[localhost/radars/wp-json/wp/v2/tags/80.json]
[localhost/radars/tag/accident/index.html]
[localhost/radars/wp-json/wp/v2/tags/79.json]
[localhost/radars/tag/accident/feed/index.html]
[localhost/radars/tag/dhaka/index.html]
[localhost/radars/tag/dhaka/feed/index.html]
[localhost/radars/tag/food/page/2/index.html]
[localhost/radars/tag/health/page/2/index.html]
[localhost/radars/wp-content/uploads/elementor/css/post-484384a8.css]
[localhost/radars/indexd36f.html]
[localhost/radars/wp-content/uploads/elementor/css/post-52095c5b.css]
[localhost/radars/index024f.html]
[localhost/radars/wp-content/uploads/elementor/css/post-4905bd62.css]
[localhost/radars/indexc01a.html]
[localhost/radars/wp-content/uploads/elementor/css/post-522048a4.css]
[localhost/radars/index453c.html]
[localhost/radars/wp-content/uploads/elementor/css/post-52254374.css]
[localhost/radars/indexec47.html]
[localhost/radars/wp-content/uploads/elementor/css/post-6082149e.css]
[localhost/radars/index667a.html]
[localhost/radars/wp-content/uploads/elementor/css/post-6120a22f.css]
[localhost/radars/index8222.html]
[localhost/radars/wp-json/wp/v2/tags/83.json]
[localhost/radars/tag/businss/index.html]
[localhost/radars/tag/businss/feed/index.html]
[localhost/radars/wp-json/wp/v2/tags/84.json]
[localhost/radars/tag/internet/index.html]
[localhost/radars/tag/internet/feed/index.html]
[localhost/radars/wp-json/wp/v2/tags/86.json]
[localhost/radars/tag/quomodo/index.html]
[localhost/radars/tag/quomodo/feed/index.html]
[localhost/radars/wp-json/wp/v2/tags/85.json]
[localhost/radars/tag/server/index.html]
[localhost/radars/tag/server/feed/index.html]
[localhost/radars/wp-json/wp/v2/tags/87.json]
[localhost/radars/tag/soft/index.html]
[localhost/radars/tag/soft/feed/index.html]
[localhost/radars/wp-json/wp/v2/tags/82.json]
[localhost/radars/tag/tec/index.html]
[localhost/radars/wp-content/uploads/elementor/css/post-6117a52a.css]
[localhost/radars/index9e74.html]
[localhost/radars/wp-content/uploads/elementor/css/post-6106fd04.css]
[localhost/radars/index43f5.html]
[localhost/radars/wp-content/uploads/elementor/css/post-52487ca7.css]
[localhost/radars/index6bdb.html]
[localhost/radars/2020/06/14/page/2/index.html]
[localhost/radars/2020/06/08/page/2/index.html]
[localhost/radars/wp-content/uploads/elementor/css/post-496992f9.css]
[localhost/radars/index130d.html]
[localhost/radars/wp-content/uploads/elementor/css/post-614700bb.css]
[localhost/radars/indexb294.html]
[localhost/radars/wp-content/uploads/elementor/css/post-614481a6.css]
[localhost/radars/index950f.html]
[localhost/radars/wp-content/uploads/elementor/css/post-52168cd5.css]
[localhost/radars/index5ff8.html]
[localhost/radars/wp-content/uploads/elementor/css/post-4962db72.css]
[localhost/radars/index4e5b.html]
[localhost/radars/wp-content/uploads/elementor/css/post-5240e8d6.css]
[localhost/radars/indexa9d8.html]
[localhost/radars/wp-content/uploads/elementor/css/post-5236d873.css]
[localhost/radars/index92db.html]
[localhost/radars/wp-content/uploads/elementor/css/post-60963cb4.css]
[localhost/radars/index4958.html]
[localhost/radars/wp-content/uploads/elementor/css/post-52134771.css]
[localhost/radars/index21c0.html]
[localhost/radars/wp-admin/images/wordpress-logo7d6b.svg]
[localhost/radars/wp-login.html]
[localhost/radars/author/radars/page/4/index.html]
[localhost/radars/author/radars/page/5/index.html]
[localhost/radars/2020/page/2/index.html]
[localhost/radars/2020/page/3/index.html]
[localhost/radars/2020/page/6/index.html]
[localhost/radars/tag/tec/feed/index.html]
[localhost/radars/2020/page/4/index.html]
[localhost/radars/2020/page/5/index.html]
