[backblue.gif]
[fade.gif]
[index.html]
[localhost/design2/feed/index.html]
[localhost/design2/comments/feed/index.html]
[localhost/design2/wp-includes/js/jquery/jquery.minaf6c.js]
[localhost/design2/wp-includes/js/jquery/jquery-migrate.mind617.js]
[localhost/design2/xmlrpc0db0.php]
[localhost/design2/wp-includes/wlwmanifest.xml]
[localhost/design2/wp-json/oembed/1.0/embed6d8a.json]
[localhost/design2/wp-json/oembed/1.0/embedf6d3]
[localhost/design2/wp-content/uploads/2022/03/logo-1.png]
[localhost/design2/wp-content/uploads/2019/01/bg1.png]
[localhost/design2/wp-content/uploads/2022/03/dd.png]
[localhost/design2/wp-content/uploads/2022/03/3d-rendering-cute-artificial-intelligencea-robot-assistant-robot-with-mobile-phone_493806-13905-120x120.webp]
[localhost/design2/wp-content/uploads/2019/01/package-icon.png]
[localhost/design2/wp-content/uploads/2022/03/rocket-launch-from-smartphone-concept-launching-business-product-market-3d-rendering_578102-4157.webp]
[localhost/design2/wp-content/uploads/2022/03/fun-gaulois-3d-illustration-scaled.jpg]
[localhost/design2/wp-content/uploads/2019/01/order.png]
[localhost/design2/wp-content/uploads/2019/01/delivery-man.png]
[localhost/design2/wp-content/uploads/2019/01/social-media.png]
[localhost/design2/wp-content/uploads/2019/01/delivery-truck-1.png]
[localhost/design2/wp-content/uploads/2022/03/fun-3d-cartoon-teenage-boy-scaled.jpg]
[localhost/design2/wp-content/uploads/2019/01/bg3.png]
[localhost/design2/wp-includes/js/dist/vendor/regenerator-runtime.min3937.js]
[localhost/design2/wp-includes/js/dist/vendor/wp-polyfill.min2c7c.js]
[localhost/design2/wp-content/plugins/contact-form-7/includes/js/index5406.js]
[localhost/design2/wp-content/plugins/penci-pennews-recipe/js/jquery.rateyo.mina361.js]
[localhost/design2/wp-content/plugins/penci-pennews-recipe/js/rating_recipe95b8.js]
[localhost/design2/wp-content/plugins/penci-pennews-review/js/jquery.easypiechart.min5152.js]
[localhost/design2/wp-content/plugins/penci-pennews-review/js/rating_review6aec.js]
[localhost/design2/wp-content/themes/pennews/js/script.lib.min3883.js]
[localhost/design2/wp-content/themes/pennews/js/script.min3883.js]
[localhost/design2/wp-content/plugins/js_composer/assets/js/dist/js_composer_front.min8e94.js]
[localhost/design2/wp-content/plugins/js_composer/assets/lib/bower/skrollr/dist/skrollr.min8e94.js]
[localhost/design2/index.html]
[localhost/design2/wp-includes/css/dist/block-library/style.min6dcf.css]
[localhost/design2/wp-content/plugins/contact-form-7/includes/css/styles5406.css]
[localhost/design2/wp-content/plugins/penci-framework/assets/css/single-shortcode6dcf.css]
[localhost/design2/wp-content/themes/pennews/fonts/fontawesome-webfont3e6e.eot]
[localhost/design2/wp-content/themes/pennews/fonts/fontawesome-webfontd41d.eot]
[localhost/design2/wp-content/themes/pennews/fonts/fontawesome-webfont3e6e.woff2]
[localhost/design2/wp-content/themes/pennews/fonts/fontawesome-webfont3e6e.woff]
[localhost/design2/wp-content/themes/pennews/fonts/fontawesome-webfont3e6e.ttf]
[localhost/design2/wp-content/themes/pennews/fonts/fa-brands-400.eot]
[localhost/design2/wp-content/themes/pennews/fonts/fa-brands-400.woff2]
[localhost/design2/wp-content/themes/pennews/fonts/fa-brands-400d41d.eot]
[localhost/design2/wp-content/themes/pennews/fonts/fa-brands-400.woff]
[localhost/design2/wp-content/themes/pennews/fonts/fa-brands-400.ttf]
[localhost/design2/wp-content/themes/pennews/fonts/line-awesomeeb4f.eot]
[localhost/design2/wp-content/themes/pennews/fonts/line-awesome0176.eot]
[localhost/design2/wp-content/themes/pennews/fonts/line-awesomeeb4f.woff2]
[localhost/design2/wp-content/themes/pennews/fonts/line-awesomeeb4f.woff]
[localhost/design2/wp-content/themes/pennews/fonts/line-awesomeeb4f.ttf]
[localhost/design2/wp-content/themes/pennews/fonts/weathericons-regular-webfont.eot]
[localhost/design2/wp-content/themes/pennews/fonts/weathericons-regular-webfontd41d.eot]
[localhost/design2/wp-content/themes/pennews/fonts/weathericons-regular-webfont.woff2]
[localhost/design2/wp-content/themes/pennews/fonts/weathericons-regular-webfont.woff]
[localhost/design2/wp-content/themes/pennews/fonts/weathericons-regular-webfont.ttf]
[localhost/design2/wp-content/themes/pennews/css/font-awesome.min3428.css]
[localhost/design2/wp-content/themes/pennews/css/portfolio3883.css]
[localhost/design2/wp-content/themes/pennews/css/recipe3883.css]
[localhost/design2/wp-content/themes/pennews/css/review3883.css]
[localhost/design2/wp-content/themes/pennews/images/searchsubmit.png]
[localhost/design2/wp-content/themes/pennews/images/no-image.jpg]
[localhost/design2/wp-content/themes/pennews/style3883.css]
[localhost/design2/wp-content/plugins/js_composer/assets/vc/alert.png]
[localhost/design2/wp-content/plugins/js_composer/assets/vc/info.png]
[localhost/design2/wp-content/plugins/js_composer/assets/vc/tick.png]
[localhost/design2/wp-content/plugins/js_composer/assets/vc/exclamation.png]
[localhost/design2/wp-content/plugins/js_composer/assets/images/icons/address-book.png]
[localhost/design2/wp-content/plugins/js_composer/assets/images/icons/alarm-clock.png]
[localhost/design2/wp-content/plugins/js_composer/assets/images/icons/anchor.png]
[localhost/design2/wp-content/plugins/js_composer/assets/images/icons/application-image.png]
[localhost/design2/wp-content/plugins/js_composer/assets/images/icons/arrow.png]
[localhost/design2/wp-content/plugins/js_composer/assets/images/icons/asterisk.png]
[localhost/design2/wp-content/plugins/js_composer/assets/images/icons/auction-hammer.png]
[localhost/design2/wp-content/plugins/js_composer/assets/images/icons/balloon.png]
[localhost/design2/wp-content/plugins/js_composer/assets/images/icons/balloon-buzz.png]
[localhost/design2/wp-content/plugins/js_composer/assets/images/icons/balloon-facebook.png]
[localhost/design2/wp-content/plugins/js_composer/assets/images/icons/balloon-twitter.png]
[localhost/design2/wp-content/plugins/js_composer/assets/images/icons/battery-full.png]
[localhost/design2/wp-content/plugins/js_composer/assets/images/icons/binocular.png]
[localhost/design2/wp-content/plugins/js_composer/assets/images/icons/blue-document-excel.png]
[localhost/design2/wp-content/plugins/js_composer/assets/images/icons/blue-document-image.png]
[localhost/design2/wp-content/plugins/js_composer/assets/images/icons/blue-document-music.png]
[localhost/design2/wp-content/plugins/js_composer/assets/images/icons/blue-document-office.png]
[localhost/design2/wp-content/plugins/js_composer/assets/images/icons/blue-document-pdf.png]
[localhost/design2/wp-content/plugins/js_composer/assets/images/icons/blue-document-powerpoint.png]
[localhost/design2/wp-content/plugins/js_composer/assets/images/icons/blue-document-word.png]
[localhost/design2/wp-content/plugins/js_composer/assets/images/icons/bookmark.png]
[localhost/design2/wp-content/plugins/js_composer/assets/images/icons/camcorder.png]
[localhost/design2/wp-content/plugins/js_composer/assets/images/icons/camera.png]
[localhost/design2/wp-content/plugins/js_composer/assets/images/icons/chart.png]
[localhost/design2/wp-content/plugins/js_composer/assets/images/icons/chart-pie.png]
[localhost/design2/wp-content/plugins/js_composer/assets/images/icons/clock.png]
[localhost/design2/wp-content/plugins/js_composer/assets/images/icons/control.png]
[localhost/design2/wp-content/plugins/js_composer/assets/images/icons/fire.png]
[localhost/design2/wp-content/plugins/js_composer/assets/images/icons/heart.png]
[localhost/design2/wp-content/plugins/js_composer/assets/images/icons/mail.png]
[localhost/design2/wp-content/plugins/js_composer/assets/images/icons/plus-shield.png]
[localhost/design2/wp-content/plugins/js_composer/assets/images/icons/video.png]
[localhost/design2/wp-content/plugins/js_composer/assets/fonts/vc_icons_v2/fonts/vcpb-plugin-iconsb82a.eot]
[localhost/design2/wp-content/plugins/js_composer/assets/fonts/vc_icons_v2/fonts/vcpb-plugin-iconsb82a.ttf]
[localhost/design2/wp-content/plugins/js_composer/assets/fonts/vc_icons_v2/fonts/vcpb-plugin-iconsb82a.woff]
[localhost/design2/wp-content/plugins/js_composer/assets/images/toggle_open.png]
[localhost/design2/wp-content/plugins/js_composer/assets/images/toggle_close.png]
[localhost/design2/wp-content/plugins/js_composer/assets/images/flickr.png]
[localhost/design2/wp-content/plugins/js_composer/assets/fonts/vc_grid/vc_grid_v157a1.eot]
[localhost/design2/wp-content/plugins/js_composer/assets/fonts/vc_grid/vc_grid_v1d41d.eot]
[localhost/design2/wp-content/plugins/js_composer/assets/fonts/vc_grid/vc_grid_v157a1.woff]
[localhost/design2/wp-content/plugins/js_composer/assets/fonts/vc_grid/vc_grid_v157a1.ttf]
[localhost/design2/wp-content/plugins/js_composer/assets/images/spinner.gif]
[localhost/design2/wp-content/plugins/js_composer/assets/vc/remove.png]
[localhost/design2/wp-content/plugins/js_composer/assets/css/js_composer.min8e94.css]
[localhost/design2/wp-content/themes/pennews/fonts/fontawesome-webfont3e6e.svg]
[localhost/design2/wp-content/themes/pennews/fonts/fa-brands-400.svg]
[localhost/design2/wp-content/themes/pennews/fonts/line-awesomeeb4f.svg]
[localhost/design2/wp-content/themes/pennews/fonts/weathericons-regular-webfont.svg]
[localhost/design2/wp-content/themes/pennews/owl.video.play.html]
[localhost/design2/wp-content/plugins/js_composer/assets/fonts/vc_icons_v2/fonts/vcpb-plugin-iconsb82a.svg]
[localhost/design2/wp-content/plugins/js_composer/assets/vc/blur.svg]
[localhost/design2/wp-content/plugins/js_composer/assets/fonts/vc_grid/vc_grid_v157a1.svg]
